
Memory Configuration

Name             Origin             Length             Attributes
*default*        0x0000000000000000 0xffffffffffffffff

Linker script and memory map

                0x0000000000008040                . = ((0x8000 + SIZEOF_HEADERS) + 0xc)

.text           0x0000000000008040      0xbd0
 *(.text)
 .text          0x0000000000008040      0x3b8 tmp/arm.v4a-linux.elf-fold.o
                0x000000000000804c                get_page_mask
                0x0000000000008054                Pprotect
                0x0000000000008054                mprotect
                0x000000000000806c                mmap
                0x0000000000008094                mmap_privanon
                0x0000000000008334                my_bkpt
                0x000000000000833c                exit
                0x0000000000008340                read
                0x0000000000008348                write
                0x0000000000008350                open
                0x0000000000008358                close
                0x0000000000008360                unlink
                0x0000000000008368                getpid
                0x0000000000008370                brk
                0x0000000000008378                readlink
                0x0000000000008380                munmap
                0x0000000000008388                __clear_cache
                0x0000000000008394                get_sys_munmap
                0x000000000000839c                __udivsi3
                0x000000000000839c                div10
 .text          0x00000000000083f8      0x818 tmp/arm.v4a-linux.elf-main.o
                0x0000000000008adc                upx_main
 *(.data)
 .data          0x0000000000008c10        0x0 tmp/arm.v4a-linux.elf-fold.o
 .data          0x0000000000008c10        0x0 tmp/arm.v4a-linux.elf-main.o

.data
LOAD tmp/arm.v4a-linux.elf-fold.o
LOAD tmp/arm.v4a-linux.elf-main.o
OUTPUT(tmp/arm.v4a-linux.elf-fold.bin elf32-littlearm)

.bss            0x0000000000000000        0x0
 .bss           0x0000000000000000        0x0 tmp/arm.v4a-linux.elf-fold.o
 .bss           0x0000000000000000        0x0 tmp/arm.v4a-linux.elf-main.o
