
Memory Configuration

Name             Origin             Length             Attributes
*default*        0x0000000000000000 0xffffffffffffffff

Linker script and memory map

                0x0000000000000034                . = SIZEOF_HEADERS

.text           0x0000000000000034      0xbd0
 *(.text)
 .text          0x0000000000000034      0x3b8 tmp/arm.v4a-linux.elf-fold.o
                0x0000000000000040                get_page_mask
                0x0000000000000048                Pprotect
                0x0000000000000048                mprotect
                0x0000000000000060                mmap
                0x0000000000000088                mmap_privanon
                0x0000000000000328                my_bkpt
                0x0000000000000330                exit
                0x0000000000000334                read
                0x000000000000033c                write
                0x0000000000000344                open
                0x000000000000034c                close
                0x0000000000000354                unlink
                0x000000000000035c                getpid
                0x0000000000000364                brk
                0x000000000000036c                readlink
                0x0000000000000374                munmap
                0x000000000000037c                __clear_cache
                0x0000000000000388                get_sys_munmap
                0x0000000000000390                __udivsi3
                0x0000000000000390                div10
 .text          0x00000000000003ec      0x818 tmp/arm.v4a-linux.elf-main.o
                0x0000000000000ad0                upx_main
 *(.data)
 .data          0x0000000000000c04        0x0 tmp/arm.v4a-linux.elf-fold.o
 .data          0x0000000000000c04        0x0 tmp/arm.v4a-linux.elf-main.o

.data
LOAD tmp/arm.v4a-linux.elf-fold.o
LOAD tmp/arm.v4a-linux.elf-main.o
OUTPUT(tmp/arm.v4a-linux.elf-fold.bin elf32-littlearm)

.bss            0x0000000000000000        0x0
 .bss           0x0000000000000000        0x0 tmp/arm.v4a-linux.elf-fold.o
 .bss           0x0000000000000000        0x0 tmp/arm.v4a-linux.elf-main.o
