
Memory Configuration

Name             Origin             Length             Attributes
*default*        0x0000000000000000 0xffffffffffffffff

Linker script and memory map

TARGET(elf32-littlearm)
                0x0000000000000074                . = SIZEOF_HEADERS

.text           0x0000000000000074      0xc74
 *(.text)
 .text          0x0000000000000074      0x460 tmp/arm.v5a-linux.elf-fold.o
                0x0000000000000080                get_page_mask
                0x0000000000000438                munmap
                0x0000000000000470                get_sys_munmap
                0x00000000000003fc                getpid
                0x0000000000000424                readlink
                0x0000000000000478                __udivsi3
                0x00000000000000ac                mmap
                0x000000000000044c                __clear_cache
                0x00000000000000e0                mmap_privanon
                0x00000000000003ac                write
                0x0000000000000398                read
                0x00000000000003e8                unlink
                0x0000000000000380                my_bkpt
                0x0000000000000088                Pprotect
                0x0000000000000388                exit
                0x0000000000000410                brk
                0x00000000000003c0                open
                0x0000000000000478                div10
                0x0000000000000088                mprotect
                0x00000000000003d4                close
 .text          0x00000000000004d4      0x814 tmp/armel-linux.elf-main.o
                0x0000000000000bb4                upx_main
 *(.data)
 .data          0x0000000000000ce8        0x0 tmp/arm.v5a-linux.elf-fold.o
 .data          0x0000000000000ce8        0x0 tmp/armel-linux.elf-main.o

.data

.bss            0x0000000000000ce8        0x0
 .bss           0x0000000000000ce8        0x0 tmp/arm.v5a-linux.elf-fold.o
 .bss           0x0000000000000ce8        0x0 tmp/armel-linux.elf-main.o
LOAD tmp/arm.v5a-linux.elf-fold.o
LOAD tmp/armel-linux.elf-main.o
OUTPUT(tmp/arm.v5a-linux.elf-fold.bin elf32-littlearm)
