
Memory Configuration

Name             Origin             Length             Attributes
*default*        0x0000000000000000 0xffffffffffffffff

Linker script and memory map

                0x00000000000000b0                . = SIZEOF_HEADERS

.text           0x00000000000000b0      0xb40
 *(.text)
 .text          0x00000000000000b0      0x300 tmp/arm64-linux.elf-fold.o
                0x00000000000000b8                get_page_mask
                0x00000000000000c8                mmap_privanon
                0x00000000000000d8                mmap
                0x00000000000000f4                Pprotect
                0x00000000000000f4                mprotect
                0x000000000000030c                my_bkpt
                0x0000000000000314                exit
                0x000000000000031c                read
                0x0000000000000328                write
                0x0000000000000334                close
                0x0000000000000340                getpid
                0x000000000000034c                brk
                0x0000000000000358                munmap
                0x0000000000000364                unlink
                0x0000000000000378                readlink
                0x0000000000000380                open
                0x000000000000039c                __clear_cache
 .text          0x00000000000003b0      0x840 tmp/arm64-linux.elf-main.o
                0x0000000000000a9c                upx_main
 *(.data)
 .data          0x0000000000000bf0        0x0 tmp/arm64-linux.elf-fold.o
 .data          0x0000000000000bf0        0x0 tmp/arm64-linux.elf-main.o

.iplt           0x0000000000000bf0        0x0
 .iplt          0x0000000000000bf0        0x0 tmp/arm64-linux.elf-fold.o

.rela.dyn       0x0000000000000bf0        0x0
 .rela.iplt     0x0000000000000bf0        0x0 tmp/arm64-linux.elf-fold.o

.data
LOAD tmp/arm64-linux.elf-fold.o
LOAD tmp/arm64-linux.elf-main.o
OUTPUT(tmp/arm64-linux.elf-fold.bin elf64-littleaarch64)

.igot.plt       0x0000000000000bf0        0x0
 .igot.plt      0x0000000000000bf0        0x0 tmp/arm64-linux.elf-fold.o

.bss            0x0000000000000bf0        0x0
 .bss           0x0000000000000bf0        0x0 tmp/arm64-linux.elf-fold.o
 .bss           0x0000000000000bf0        0x0 tmp/arm64-linux.elf-main.o
