
Memory Configuration

Name             Origin             Length             Attributes
*default*        0x0000000000000000 0xffffffffffffffff

Linker script and memory map

                0x00000000001000bc                . = ((0x100000 + SIZEOF_HEADERS) + 0xc)

.text           0x00000000001000bc      0xb54
 *(.text)
 .text          0x00000000001000bc      0x300 tmp/arm64-linux.elf-fold.o
                0x00000000001000c4                get_page_mask
                0x00000000001000d4                mmap_privanon
                0x00000000001000e4                mmap
                0x0000000000100100                Pprotect
                0x0000000000100100                mprotect
                0x0000000000100318                my_bkpt
                0x0000000000100320                exit
                0x0000000000100328                read
                0x0000000000100334                write
                0x0000000000100340                close
                0x000000000010034c                getpid
                0x0000000000100358                brk
                0x0000000000100364                munmap
                0x0000000000100370                unlink
                0x0000000000100384                readlink
                0x000000000010038c                open
                0x00000000001003a8                __clear_cache
 .text          0x00000000001003bc      0x854 tmp/arm64-linux.elf-main.o
                0x0000000000100488                xor_cipher
                0x0000000000100aa8                upx_main
 *(.data)
 .data          0x0000000000100c10        0x0 tmp/arm64-linux.elf-fold.o
 .data          0x0000000000100c10        0x0 tmp/arm64-linux.elf-main.o

.iplt           0x0000000000100c10        0x0
 .iplt          0x0000000000100c10        0x0 tmp/arm64-linux.elf-fold.o

.rela.dyn       0x0000000000100c10        0x0
 .rela.iplt     0x0000000000100c10        0x0 tmp/arm64-linux.elf-fold.o

.rodata.str1.1  0x0000000000100c10        0x4
 .rodata.str1.1
                0x0000000000100c10        0x4 tmp/arm64-linux.elf-main.o

.data
LOAD tmp/arm64-linux.elf-fold.o
LOAD tmp/arm64-linux.elf-main.o
OUTPUT(tmp/arm64-linux.elf-fold.bin elf64-littleaarch64)

.igot.plt       0x0000000000100c18        0x0
 .igot.plt      0x0000000000100c18        0x0 tmp/arm64-linux.elf-fold.o

.bss            0x0000000000100c14        0x0
 .bss           0x0000000000100c14        0x0 tmp/arm64-linux.elf-fold.o
 .bss           0x0000000000100c14        0x0 tmp/arm64-linux.elf-main.o
