
Memory Configuration

Name             Origin             Length             Attributes
*default*        0x0000000000000000 0xffffffffffffffff

Linker script and memory map

TARGET(elf32-bigarm)
                0x0000000000008080                . = ((0x8000 + SIZEOF_HEADERS) + 0xc)

.text           0x0000000000008080      0xbd0
 *(.text)
 .text          0x0000000000008080      0x3b8 tmp/armeb.v4a-linux.elf-fold.o
                0x000000000000808c                get_page_mask
                0x00000000000083c0                munmap
                0x00000000000083d4                get_sys_munmap
                0x00000000000083a8                getpid
                0x00000000000083b8                readlink
                0x00000000000083dc                __udivsi3
                0x00000000000080ac                mmap
                0x00000000000083c8                __clear_cache
                0x00000000000080d4                mmap_privanon
                0x0000000000008388                write
                0x0000000000008380                read
                0x00000000000083a0                unlink
                0x0000000000008374                my_bkpt
                0x0000000000008094                Pprotect
                0x000000000000837c                exit
                0x00000000000083b0                brk
                0x0000000000008390                open
                0x00000000000083dc                div10
                0x0000000000008094                mprotect
                0x0000000000008398                close
 .text          0x0000000000008438      0x818 tmp/armeb.v4a-linux.elf-main.o
                0x0000000000008b1c                upx_main
 *(.data)
 .data          0x0000000000008c50        0x0 tmp/armeb.v4a-linux.elf-fold.o
 .data          0x0000000000008c50        0x0 tmp/armeb.v4a-linux.elf-main.o

.data

.bss            0x0000000000008c50        0x0
 .bss           0x0000000000008c50        0x0 tmp/armeb.v4a-linux.elf-fold.o
 .bss           0x0000000000008c50        0x0 tmp/armeb.v4a-linux.elf-main.o
LOAD tmp/armeb.v4a-linux.elf-fold.o
LOAD tmp/armeb.v4a-linux.elf-main.o
OUTPUT(tmp/armeb.v4a-linux.elf-fold.bin elf32-bigarm)
