
Memory Configuration

Name             Origin             Length             Attributes
*default*        0x0000000000000000 0xffffffffffffffff

Linker script and memory map

TARGET(elf32-bigarm)
                0x0000000000000074                . = SIZEOF_HEADERS

.text           0x0000000000000074      0xbd0
 *(.text)
 .text          0x0000000000000074      0x3b8 tmp/armeb.v4a-linux.elf-fold.o
                0x0000000000000080                get_page_mask
                0x00000000000003b4                munmap
                0x00000000000003c8                get_sys_munmap
                0x000000000000039c                getpid
                0x00000000000003ac                readlink
                0x00000000000003d0                __udivsi3
                0x00000000000000a0                mmap
                0x00000000000003bc                __clear_cache
                0x00000000000000c8                mmap_privanon
                0x000000000000037c                write
                0x0000000000000374                read
                0x0000000000000394                unlink
                0x0000000000000368                my_bkpt
                0x0000000000000088                Pprotect
                0x0000000000000370                exit
                0x00000000000003a4                brk
                0x0000000000000384                open
                0x00000000000003d0                div10
                0x0000000000000088                mprotect
                0x000000000000038c                close
 .text          0x000000000000042c      0x818 tmp/armeb.v4a-linux.elf-main.o
                0x0000000000000b10                upx_main
 *(.data)
 .data          0x0000000000000c44        0x0 tmp/armeb.v4a-linux.elf-fold.o
 .data          0x0000000000000c44        0x0 tmp/armeb.v4a-linux.elf-main.o

.data

.bss            0x0000000000000c44        0x0
 .bss           0x0000000000000c44        0x0 tmp/armeb.v4a-linux.elf-fold.o
 .bss           0x0000000000000c44        0x0 tmp/armeb.v4a-linux.elf-main.o
LOAD tmp/armeb.v4a-linux.elf-fold.o
LOAD tmp/armeb.v4a-linux.elf-main.o
OUTPUT(tmp/armeb.v4a-linux.elf-fold.bin elf32-bigarm)
