
Memory Configuration

Name             Origin             Length             Attributes
*default*        0x0000000000000000 0xffffffffffffffff

Linker script and memory map

TARGET(elf32-i386)
                0x0000000000000074                . = SIZEOF_HEADERS

.text           0x0000000000000074      0x77c
 *(.text)
 .text          0x0000000000000074       0xc4 tmp/i386-openbsd.elf-fold.o
 .text          0x0000000000000138      0x648 tmp/i386-openbsd.elf-main.o
                0x0000000000000632                upx_main
 .text          0x0000000000000780       0x6d tmp/i386-bsd.syscall.o
                0x00000000000007e9                waitpid
                0x00000000000007bd                munmap
                0x00000000000007d1                execve
                0x00000000000007c9                getpid
                0x00000000000007d9                ftruncate
                0x0000000000000780                mmap
                0x00000000000007e1                nanosleep
                0x00000000000007b1                write
                0x00000000000007ad                read
                0x00000000000007e5                unlink
                0x00000000000007d5                fork
                0x00000000000007dd                gettimeofday
                0x00000000000007c5                access
                0x00000000000007a5                exit
                0x00000000000007a4                brk
                0x00000000000007b5                open
                0x00000000000007c1                mprotect
                0x00000000000007cd                fcntl
                0x00000000000007b9                close
 *(.data)
 *fill*         0x00000000000007ed        0x3 00
 .data          0x00000000000007f0        0x0 tmp/i386-openbsd.elf-fold.o
 .data          0x00000000000007f0        0x0 tmp/i386-openbsd.elf-main.o
 .data          0x00000000000007f0        0x0 tmp/i386-bsd.syscall.o

.data

.bss            0x00000000000007f0        0x0
 .bss           0x00000000000007f0        0x0 tmp/i386-openbsd.elf-fold.o
 .bss           0x00000000000007f0        0x0 tmp/i386-openbsd.elf-main.o
 .bss           0x00000000000007f0        0x0 tmp/i386-bsd.syscall.o

.rel.dyn        0x00000000000007f0        0x0
 .rel.text      0x0000000000000000        0x0 tmp/i386-openbsd.elf-fold.o
LOAD tmp/i386-openbsd.elf-fold.o
LOAD tmp/i386-openbsd.elf-main.o
LOAD tmp/i386-bsd.syscall.o
OUTPUT(tmp/i386-openbsd.elf-fold.bin elf32-i386)
