
Memory Configuration

Name             Origin             Length             Attributes
*default*        0x0000000000000000 0xffffffffffffffff

Linker script and memory map

TARGET(elf32-i386)
                0x0000000000000074                . = SIZEOF_HEADERS

.text           0x0000000000000074      0x698
 *(.text)
 .text          0x0000000000000074       0xc4 tmp/i386-bsd.elf-fold.o
 .text          0x0000000000000138      0x564 tmp/i386-bsd.elf-main.o
                0x0000000000000564                upx_main
 .text          0x000000000000069c       0x6d tmp/i386-bsd.syscall.o
                0x0000000000000705                waitpid
                0x00000000000006d9                munmap
                0x00000000000006ed                execve
                0x00000000000006e5                getpid
                0x00000000000006f5                ftruncate
                0x000000000000069c                mmap
                0x00000000000006fd                nanosleep
                0x00000000000006cd                write
                0x00000000000006c9                read
                0x0000000000000701                unlink
                0x00000000000006f1                fork
                0x00000000000006f9                gettimeofday
                0x00000000000006e1                access
                0x00000000000006c1                exit
                0x00000000000006c0                brk
                0x00000000000006d1                open
                0x00000000000006dd                mprotect
                0x00000000000006e9                fcntl
                0x00000000000006d5                close
 *(.data)
 *fill*         0x0000000000000709        0x3 00
 .data          0x000000000000070c        0x0 tmp/i386-bsd.elf-fold.o
 .data          0x000000000000070c        0x0 tmp/i386-bsd.elf-main.o
 .data          0x000000000000070c        0x0 tmp/i386-bsd.syscall.o

.data

.bss            0x000000000000070c        0x0
 .bss           0x000000000000070c        0x0 tmp/i386-bsd.elf-fold.o
 .bss           0x000000000000070c        0x0 tmp/i386-bsd.elf-main.o
 .bss           0x000000000000070c        0x0 tmp/i386-bsd.syscall.o

.rel.dyn        0x000000000000070c        0x0
 .rel.text      0x0000000000000000        0x0 tmp/i386-bsd.elf-fold.o
LOAD tmp/i386-bsd.elf-fold.o
LOAD tmp/i386-bsd.elf-main.o
LOAD tmp/i386-bsd.syscall.o
OUTPUT(tmp/i386-netbsd.elf-fold.bin elf32-i386)
