
Memory Configuration

Name             Origin             Length             Attributes
*default*        0x0000000000000000 0xffffffffffffffff

Linker script and memory map

TARGET(elf64-powerpc)
                0x00000000000000b0                . = SIZEOF_HEADERS

.text           0x00000000000000b0      0xcd8
 *(.text)
 .text          0x00000000000000b0      0x38c tmp/powerpc64-linux.elf-fold.o
                0x00000000000000c0                get_page_mask
                0x00000000000000d8                Pprotect
                0x00000000000000d8                mprotect
                0x00000000000003dc                mmap
                0x00000000000003f4                exit
                0x00000000000003fc                brk
                0x0000000000000404                readlink
                0x000000000000040c                write
                0x0000000000000414                read
                0x000000000000041c                open
                0x0000000000000424                close
                0x000000000000042c                munmap
                0x0000000000000434                my_bkpt
 .text          0x000000000000043c      0x94c tmp/powerpc64-linux.elf-main.o
 *(.data)
 .data          0x0000000000000d88        0x0 tmp/powerpc64-linux.elf-fold.o
 .data          0x0000000000000d88        0x0 tmp/powerpc64-linux.elf-main.o

.sfpr           0x0000000000000d88       0xa4
 .sfpr          0x0000000000000d88       0xa4 linker stubs
                0x0000000000000d88                _savegpr0_14
                0x0000000000000db4                _savegpr0_25
                0x0000000000000dc0                _savegpr0_28
                0x0000000000000dd8                _restgpr0_14
                0x0000000000000e04                _restgpr0_25
                0x0000000000000e10                _restgpr0_28

.glink          0x0000000000000e30        0x0
 .glink         0x0000000000000e30        0x0 linker stubs

.eh_frame       0x0000000000000e2c        0x0
 .eh_frame      0x0000000000000e2c        0x0 linker stubs

.rela.dyn       0x0000000000000e30        0x0
 .rela.iplt     0x0000000000000e30        0x0 linker stubs

.data
LOAD tmp/powerpc64-linux.elf-fold.o
LOAD tmp/powerpc64-linux.elf-main.o
OUTPUT(tmp/powerpc64-linux.elf-fold.bin elf64-powerpc)

.branch_lt      0x0000000000000e30        0x0
 .branch_lt     0x0000000000000e30        0x0 linker stubs

.toc            0x0000000000000e30        0x0
 .toc           0x0000000000000e30        0x0 tmp/powerpc64-linux.elf-main.o

.opd            0x0000000000000e30       0x58
 .opd           0x0000000000000e30       0x58 tmp/powerpc64-linux.elf-main.o
                0x0000000000000e70                upx_main

.iplt           0x0000000000000e88        0x0
 .iplt          0x0000000000000e88        0x0 linker stubs

.bss            0x0000000000000e88        0x0
 .bss           0x0000000000000e88        0x0 tmp/powerpc64-linux.elf-fold.o
 .bss           0x0000000000000e88        0x0 tmp/powerpc64-linux.elf-main.o
