
Memory Configuration

Name             Origin             Length             Attributes
*default*        0x0000000000000000 0xffffffffffffffff

Linker script and memory map

TARGET(elf64-powerpcle)
                0x00000000001000bc                . = ((0x100000 + SIZEOF_HEADERS) + 0xc)

.text           0x00000000001000bc      0xd04
 *(.text)
 .text          0x00000000001000bc      0x38c tmp/powerpc64le-linux.elf-fold.o
                0x00000000001000cc                get_page_mask
                0x00000000001000e4                Pprotect
                0x00000000001000e4                mprotect
                0x00000000001003e8                mmap
                0x0000000000100400                exit
                0x0000000000100408                brk
                0x0000000000100410                readlink
                0x0000000000100418                write
                0x0000000000100420                read
                0x0000000000100428                open
                0x0000000000100430                close
                0x0000000000100438                munmap
                0x0000000000100440                my_bkpt
 .text          0x0000000000100448      0x978 tmp/powerpc64le-linux.elf-main.o
 *(.data)
 .data          0x0000000000100dc0        0x0 tmp/powerpc64le-linux.elf-fold.o
 .data          0x0000000000100dc0        0x0 tmp/powerpc64le-linux.elf-main.o

.sfpr           0x0000000000100dc0       0xa4
 .sfpr          0x0000000000100dc0       0xa4 linker stubs
                0x0000000000100dc0                _savegpr0_14
                0x0000000000100de8                _savegpr0_24
                0x0000000000100df4                _savegpr0_27
                0x0000000000100e10                _restgpr0_14
                0x0000000000100e38                _restgpr0_24
                0x0000000000100e44                _restgpr0_27

.glink          0x0000000000100e68        0x0
 .glink         0x0000000000100e68        0x0 linker stubs

.eh_frame       0x0000000000100e64        0x0
 .eh_frame      0x0000000000100e64        0x0 linker stubs

.rodata.str1.8  0x0000000000100e68        0x8
 .rodata.str1.8
                0x0000000000100e68        0x8 tmp/powerpc64le-linux.elf-main.o
                                          0x4 (size before relaxing)

.rela.dyn       0x0000000000100e70        0x0
 .rela.iplt     0x0000000000100e70        0x0 linker stubs

.data
LOAD tmp/powerpc64le-linux.elf-fold.o
LOAD tmp/powerpc64le-linux.elf-main.o
OUTPUT(tmp/powerpc64le-linux.elf-fold.bin elf64-powerpcle)

.branch_lt      0x0000000000100e70        0x0
 .branch_lt     0x0000000000100e70        0x0 linker stubs

.toc            0x0000000000100e70        0x0
 .toc           0x0000000000100e70        0x0 tmp/powerpc64le-linux.elf-main.o

.opd            0x0000000000100e70       0x68
 .opd           0x0000000000100e70       0x68 tmp/powerpc64le-linux.elf-main.o
                0x0000000000100e90                xor_cipher
                0x0000000000100ec0                upx_main

.iplt           0x0000000000100ed8        0x0
 .iplt          0x0000000000100ed8        0x0 linker stubs

.bss            0x0000000000100ed8        0x0
 .bss           0x0000000000100ed8        0x0 tmp/powerpc64le-linux.elf-fold.o
 .bss           0x0000000000100ed8        0x0 tmp/powerpc64le-linux.elf-main.o
