
Memory Configuration

Name             Origin             Length             Attributes
*default*        0x0000000000000000 0xffffffffffffffff

Linker script and memory map

TARGET(elf32-powerpc)
                0x0000000000000074                . = SIZEOF_HEADERS

.text           0x0000000000000074     0x1284
 *(.text)
 .text          0x0000000000000074      0x318 tmp/powerpc-linux.elf-fold.o
                0x0000000000000080                get_page_mask
                0x000000000000037c                munmap
                0x0000000000000354                readlink
                0x0000000000000330                mmap
                0x000000000000035c                write
                0x0000000000000364                read
                0x0000000000000384                my_bkpt
                0x0000000000000098                Pprotect
                0x0000000000000344                exit
                0x000000000000034c                brk
                0x000000000000036c                open
                0x0000000000000098                mprotect
                0x0000000000000374                close
 .text          0x000000000000038c      0xf6c tmp/powerpc-linux.elf-main.o
                0x00000000000010f8                upx_main
 *(.data)
 .data          0x00000000000012f8        0x0 tmp/powerpc-linux.elf-fold.o
 .data          0x00000000000012f8        0x0 tmp/powerpc-linux.elf-main.o

.data

.bss            0x00000000000012f8        0x0
 .bss           0x00000000000012f8        0x0 tmp/powerpc-linux.elf-fold.o
 .bss           0x00000000000012f8        0x0 tmp/powerpc-linux.elf-main.o

.rela.dyn       0x00000000000012f8        0x0
 .rela.text     0x0000000000000000        0x0 tmp/powerpc-linux.elf-fold.o
LOAD tmp/powerpc-linux.elf-fold.o
LOAD tmp/powerpc-linux.elf-main.o
OUTPUT(tmp/powerpc-linux.elf-fold.bin elf32-powerpc)
